[2J[3J[H[[90m14:10:51[0m] Starting compilation in watch mode...

[96msrc/transferencias/transferencias.service.ts[0m:[93m190[0m:[93m20[0m - [91merror[0m[90m TS2322: [0mType 'number | null' is not assignable to type 'number | undefined'.
  Type 'null' is not assignable to type 'number | undefined'.

[7m190[0m           where: { id_lote: det.id_lote },
[7m   [0m [91m                   ~~~~~~~[0m

  [96mnode_modules/.prisma/client/index.d.ts[0m:[93m11628[0m:[93m5[0m
    [7m11628[0m     id_lote?: number
    [7m     [0m [96m    ~~~~~~~[0m
    The expected type comes from property 'id_lote' which is declared here on type 'lotesWhereUniqueInput'

[[90m14:10:58[0m] Found 1 error. Watching for file changes.

[2J[3J[H[[90m14:11:25[0m] File change detected. Starting incremental compilation...

[[90m14:11:25[0m] Found 0 errors. Watching for file changes.

[32m[Nest] 11228  - [39m05/06/2026, 14:11:28 [32m    LOG[39m [38;5;3m[NestFactory] [39m[32mStarting Nest application...[39m
[32m[Nest] 11228  - [39m05/06/2026, 14:11:28 [32m    LOG[39m [38;5;3m[InstanceLoader] [39m[32mPrismaModule dependencies initialized[39m[38;5;3m +44ms[39m
[32m[Nest] 11228  - [39m05/06/2026, 14:11:28 [32m    LOG[39m [38;5;3m[InstanceLoader] [39m[32mPassportModule dependencies initialized[39m[38;5;3m +0ms[39m
[32m[Nest] 11228  - [39m05/06/2026, 14:11:28 [32m    LOG[39m [38;5;3m[InstanceLoader] [39m[32mJwtModule dependencies initialized[39m[38;5;3m +21ms[39m
[32m[Nest] 11228  - [39m05/06/2026, 14:11:28 [32m    LOG[39m [38;5;3m[InstanceLoader] [39m[32mDiscoveryModule dependencies initialized[39m[38;5;3m +0ms[39m
[32m[Nest] 11228  - [39m05/06/2026, 14:11:28 [32m    LOG[39m [38;5;3m[InstanceLoader] [39m[32mAppModule dependencies initialized[39m[38;5;3m +2ms[39m
[32m[Nest] 11228  - [39m05/06/2026, 14:11:28 [32m    LOG[39m [38;5;3m[InstanceLoader] [39m[32mScheduleModule dependencies initialized[39m[38;5;3m +0ms[39m
[32m[Nest] 11228  - [39m05/06/2026, 14:11:28 [32m    LOG[39m [38;5;3m[InstanceLoader] [39m[32mAuthModule dependencies initialized[39m[38;5;3m +1ms[39m
[32m[Nest] 11228  - [39m05/06/2026, 14:11:28 [32m    LOG[39m [38;5;3m[InstanceLoader] [39m[32mSucursalesModule dependencies initialized[39m[38;5;3m +1ms[39m
[32m[Nest] 11228  - [39m05/06/2026, 14:11:28 [32m    LOG[39m [38;5;3m[InstanceLoader] [39m[32mUsuariosModule dependencies initialized[39m[38;5;3m +0ms[39m
[32m[Nest] 11228  - [39m05/06/2026, 14:11:28 [32m    LOG[39m [38;5;3m[InstanceLoader] [39m[32mProductosModule dependencies initialized[39m[38;5;3m +0ms[39m
[32m[Nest] 11228  - [39m05/06/2026, 14:11:28 [32m    LOG[39m [38;5;3m[InstanceLoader] [39m[32mKitsModule dependencies initialized[39m[38;5;3m +0ms[39m
[32m[Nest] 11228  - [39m05/06/2026, 14:11:28 [32m    LOG[39m [38;5;3m[InstanceLoader] [39m[32mLotesModule dependencies initialized[39m[38;5;3m +0ms[39m
[32m[Nest] 11228  - [39m05/06/2026, 14:11:28 [32m    LOG[39m [38;5;3m[InstanceLoader] [39m[32mMovimientosModule dependencies initialized[39m[38;5;3m +0ms[39m
[32m[Nest] 11228  - [39m05/06/2026, 14:11:28 [32m    LOG[39m [38;5;3m[InstanceLoader] [39m[32mTransferenciasModule dependencies initialized[39m[38;5;3m +0ms[39m
[32m[Nest] 11228  - [39m05/06/2026, 14:11:28 [32m    LOG[39m [38;5;3m[InstanceLoader] [39m[32mNotificacionesModule dependencies initialized[39m[38;5;3m +0ms[39m
[32m[Nest] 11228  - [39m05/06/2026, 14:11:28 [32m    LOG[39m [38;5;3m[InstanceLoader] [39m[32mAnaliticaModule dependencies initialized[39m[38;5;3m +0ms[39m
[32m[Nest] 11228  - [39m05/06/2026, 14:11:28 [32m    LOG[39m [38;5;3m[RoutesResolver] [39m[32mAppController {/}:[39m[38;5;3m +55ms[39m
[32m[Nest] 11228  - [39m05/06/2026, 14:11:28 [32m    LOG[39m [38;5;3m[RouterExplorer] [39m[32mMapped {/, GET} route[39m[38;5;3m +3ms[39m
[32m[Nest] 11228  - [39m05/06/2026, 14:11:28 [32m    LOG[39m [38;5;3m[RoutesResolver] [39m[32mAuthController {/auth}:[39m[38;5;3m +0ms[39m
[32m[Nest] 11228  - [39m05/06/2026, 14:11:28 [32m    LOG[39m [38;5;3m[RouterExplorer] [39m[32mMapped {/auth/login, POST} route[39m[38;5;3m +2ms[39m
[32m[Nest] 11228  - [39m05/06/2026, 14:11:28 [32m    LOG[39m [38;5;3m[RoutesResolver] [39m[32mUsuariosController {/usuarios}:[39m[38;5;3m +0ms[39m
[32m[Nest] 11228  - [39m05/06/2026, 14:11:28 [32m    LOG[39m [38;5;3m[RouterExplorer] [39m[32mMapped {/usuarios, POST} route[39m[38;5;3m +1ms[39m
[32m[Nest] 11228  - [39m05/06/2026, 14:11:28 [32m    LOG[39m [38;5;3m[RouterExplorer] [39m[32mMapped {/usuarios, GET} route[39m[38;5;3m +0ms[39m
[32m[Nest] 11228  - [39m05/06/2026, 14:11:28 [32m    LOG[39m [38;5;3m[RouterExplorer] [39m[32mMapped {/usuarios/:id, GET} route[39m[38;5;3m +1ms[39m
[32m[Nest] 11228  - [39m05/06/2026, 14:11:28 [32m    LOG[39m [38;5;3m[RoutesResolver] [39m[32mProductosController {/productos}:[39m[38;5;3m +1ms[39m
[32m[Nest] 11228  - [39m05/06/2026, 14:11:28 [32m    LOG[39m [38;5;3m[RouterExplorer] [39m[32mMapped {/productos/inventario, GET} route[39m[38;5;3m +0ms[39m
[32m[Nest] 11228  - [39m05/06/2026, 14:11:28 [32m    LOG[39m [38;5;3m[RouterExplorer] [39m[32mMapped {/productos/buscar, GET} route[39m[38;5;3m +0ms[39m
[32m[Nest] 11228  - [39m05/06/2026, 14:11:28 [32m    LOG[39m [38;5;3m[RouterExplorer] [39m[32mMapped {/productos, GET} route[39m[38;5;3m +1ms[39m
[32m[Nest] 11228  - [39m05/06/2026, 14:11:28 [32m    LOG[39m [38;5;3m[RouterExplorer] [39m[32mMapped {/productos/:id, GET} route[39m[38;5;3m +0ms[39m
[32m[Nest] 11228  - [39m05/06/2026, 14:11:28 [32m    LOG[39m [38;5;3m[RouterExplorer] [39m[32mMapped {/productos, POST} route[39m[38;5;3m +1ms[39m
[32m[Nest] 11228  - [39m05/06/2026, 14:11:28 [32m    LOG[39m [38;5;3m[RouterExplorer] [39m[32mMapped {/productos/:id, PATCH} route[39m[38;5;3m +1ms[39m
[32m[Nest] 11228  - [39m05/06/2026, 14:11:28 [32m    LOG[39m [38;5;3m[RouterExplorer] [39m[32mMapped {/productos/:id, DELETE} route[39m[38;5;3m +0ms[39m
[32m[Nest] 11228  - [39m05/06/2026, 14:11:28 [32m    LOG[39m [38;5;3m[RoutesResolver] [39m[32mKitsController {/kits}:[39m[38;5;3m +0ms[39m
[32m[Nest] 11228  - [39m05/06/2026, 14:11:28 [32m    LOG[39m [38;5;3m[RouterExplorer] [39m[32mMapped {/kits/buscar, GET} route[39m[38;5;3m +1ms[39m
[32m[Nest] 11228  - [39m05/06/2026, 14:11:28 [32m    LOG[39m [38;5;3m[RouterExplorer] [39m[32mMapped {/kits, GET} route[39m[38;5;3m +0ms[39m
[32m[Nest] 11228  - [39m05/06/2026, 14:11:28 [32m    LOG[39m [38;5;3m[RouterExplorer] [39m[32mMapped {/kits/:id, GET} route[39m[38;5;3m +1ms[39m
[32m[Nest] 11228  - [39m05/06/2026, 14:11:28 [32m    LOG[39m [38;5;3m[RouterExplorer] [39m[32mMapped {/kits, POST} route[39m[38;5;3m +0ms[39m
[32m[Nest] 11228  - [39m05/06/2026, 14:11:28 [32m    LOG[39m [38;5;3m[RouterExplorer] [39m[32mMapped {/kits/:id, PATCH} route[39m[38;5;3m +0ms[39m
[32m[Nest] 11228  - [39m05/06/2026, 14:11:28 [32m    LOG[39m [38;5;3m[RouterExplorer] [39m[32mMapped {/kits/:id, DELETE} route[39m[38;5;3m +0ms[39m
[32m[Nest] 11228  - [39m05/06/2026, 14:11:28 [32m    LOG[39m [38;5;3m[RoutesResolver] [39m[32mLotesController {/lotes}:[39m[38;5;3m +0ms[39m
[32m[Nest] 11228  - [39m05/06/2026, 14:11:28 [32m    LOG[39m [38;5;3m[RouterExplorer] [39m[32mMapped {/lotes, POST} route[39m[38;5;3m +0ms[39m
[32m[Nest] 11228  - [39m05/06/2026, 14:11:28 [32m    LOG[39m [38;5;3m[RouterExplorer] [39m[32mMapped {/lotes/producto/:id_producto, GET} route[39m[38;5;3m +1ms[39m
[32m[Nest] 11228  - [39m05/06/2026, 14:11:28 [32m    LOG[39m [38;5;3m[RouterExplorer] [39m[32mMapped {/lotes/:id, PATCH} route[39m[38;5;3m +0ms[39m
[32m[Nest] 11228  - [39m05/06/2026, 14:11:28 [32m    LOG[39m [38;5;3m[RoutesResolver] [39m[32mMovimientosController {/movimientos}:[39m[38;5;3m +0ms[39m
[32m[Nest] 11228  - [39m05/06/2026, 14:11:28 [32m    LOG[39m [38;5;3m[RouterExplorer] [39m[32mMapped {/movimientos, GET} route[39m[38;5;3m +1ms[39m
[32m[Nest] 11228  - [39m05/06/2026, 14:11:28 [32m    LOG[39m [38;5;3m[RouterExplorer] [39m[32mMapped {/movimientos/despachar-kit, POST} route[39m[38;5;3m +0ms[39m
[32m[Nest] 11228  - [39m05/06/2026, 14:11:28 [32m    LOG[39m [38;5;3m[RouterExplorer] [39m[32mMapped {/movimientos/consumir, POST} route[39m[38;5;3m +0ms[39m
[32m[Nest] 11228  - [39m05/06/2026, 14:11:28 [32m    LOG[39m [38;5;3m[RoutesResolver] [39m[32mSucursalesController {/sucursales}:[39m[38;5;3m +0ms[39m
[32m[Nest] 11228  - [39m05/06/2026, 14:11:28 [32m    LOG[39m [38;5;3m[RouterExplorer] [39m[32mMapped {/sucursales/buscar, GET} route[39m[38;5;3m +0ms[39m
[32m[Nest] 11228  - [39m05/06/2026, 14:11:28 [32m    LOG[39m [38;5;3m[RouterExplorer] [39m[32mMapped {/sucursales, GET} route[39m[38;5;3m +1ms[39m
[32m[Nest] 11228  - [39m05/06/2026, 14:11:28 [32m    LOG[39m [38;5;3m[RouterExplorer] [39m[32mMapped {/sucursales/:id, GET} route[39m[38;5;3m +0ms[39m
[32m[Nest] 11228  - [39m05/06/2026, 14:11:28 [32m    LOG[39m [38;5;3m[RoutesResolver] [39m[32mTransferenciasController {/transferencias}:[39m[38;5;3m +0ms[39m
[32m[Nest] 11228  - [39m05/06/2026, 14:11:28 [32m    LOG[39m [38;5;3m[RouterExplorer] [39m[32mMapped {/transferencias, GET} route[39m[38;5;3m +0ms[39m
[32m[Nest] 11228  - [39m05/06/2026, 14:11:28 [32m    LOG[39m [38;5;3m[RouterExplorer] [39m[32mMapped {/transferencias/:id, GET} route[39m[38;5;3m +1ms[39m
[32m[Nest] 11228  - [39m05/06/2026, 14:11:28 [32m    LOG[39m [38;5;3m[RouterExplorer] [39m[32mMapped {/transferencias/enviar, POST} route[39m[38;5;3m +0ms[39m
[32m[Nest] 11228  - [39m05/06/2026, 14:11:28 [32m    LOG[39m [38;5;3m[RouterExplorer] [39m[32mMapped {/transferencias/:id/cancelar, PATCH} route[39m[38;5;3m +0ms[39m
[32m[Nest] 11228  - [39m05/06/2026, 14:11:28 [32m    LOG[39m [38;5;3m[RouterExplorer] [39m[32mMapped {/transferencias/recibir, POST} route[39m[38;5;3m +0ms[39m
[32m[Nest] 11228  - [39m05/06/2026, 14:11:28 [32m    LOG[39m [38;5;3m[RoutesResolver] [39m[32mNotificacionesController {/notificaciones}:[39m[38;5;3m +0ms[39m
[32m[Nest] 11228  - [39m05/06/2026, 14:11:28 [32m    LOG[39m [38;5;3m[RouterExplorer] [39m[32mMapped {/notificaciones/revisar, POST} route[39m[38;5;3m +1ms[39m
[32m[Nest] 11228  - [39m05/06/2026, 14:11:28 [32m    LOG[39m [38;5;3m[RoutesResolver] [39m[32mAnaliticaController {/analitica}:[39m[38;5;3m +0ms[39m
[32m[Nest] 11228  - [39m05/06/2026, 14:11:28 [32m    LOG[39m [38;5;3m[RouterExplorer] [39m[32mMapped {/analitica/entrenar/:id_sucursal, GET} route[39m[38;5;3m +0ms[39m
[32m[Nest] 11228  - [39m05/06/2026, 14:11:28 [32m    LOG[39m [38;5;3m[RouterExplorer] [39m[32mMapped {/analitica/prediccion/:id_sucursal, GET} route[39m[38;5;3m +0ms[39m
[32m[Nest] 11228  - [39m05/06/2026, 14:11:28 [32m    LOG[39m [38;5;3m[NestApplication] [39m[32mNest application successfully started[39m[38;5;3m +115ms[39m
[32m[Nest] 11228  - [39m05/06/2026, 14:16:48 [32m    LOG[39m [38;5;3m[AnaliticaService] [39m[32mIniciando predicción de demanda (30d) para sucursal 1...[39m
[32m[Nest] 11228  - [39m05/06/2026, 14:16:56 [32m    LOG[39m [38;5;3m[AnaliticaService] [39m[32mPredicción finalizada: 331 producto(s) analizados para sucursal 1.[39m
